============================= test session starts ==============================
platform linux -- Python 3.10.12, pytest-8.4.1, pluggy-1.6.0
rootdir: /home/mavanur/magento-mysql-deployment
plugins: testinfra-10.2.2, testinfra-6.0.0
collected 3 items

roles/magento/tests/test_default.py ...                                  [100%]

============================== 3 passed in 0.04s ===============================
